// Jest Snapshot v1, https://goo.gl/fbAQLP

exports[`employee list check the data 1`] = `ShallowWrapper {}`;
